old: {"kaka": {"a\"\\(234)\t": "foo","tratt": {"1": "foo","2": {"1": "foo","2": "foo","3": "foo","4": "foo"}},"tratt1": "foo","tratt2": "foo"},"notdot": {"dot.dot.dot": {"nodot": "dot.dot"}}}
new: {"kaka": {"a\"\\(234)\t": "foo","tratt": {"1": "foo","2": {"1": "foo","2": "foo","3": "foo","4": "foo"}},"tratt1": "foo","tratt2": "foo"},"notdot": {"dot.dot.dot": {"nodot": "dot.dot"}}}
strcmp: 0
