1
2#anchor
17
this is a value to the include key
test_1
2
