{
	"@timestamp": "{{[^"]+}}",
	"host": "{{.+}}",
	"message": {
		"cert_cn": "sapp-tests.foobar",
		"host": "sapp-test-server-log.foobar:8080",
		"log": [],
		"method": "GET",
		"panic": "panic!",
		"proto": "HTTP/1.1",
		"status": "panic",
		"uri": "/panic"
	},
	"prog": "sapp-test-server-log",
	"start_timestamp": "{{[^"]+}}",
	"type": "http-in"
}
{
	"@timestamp": "{{[^"]+}}",
	"host": "{{.+}}",
	"message": {
		"cert_cn": "sapp-tests.foobar",
		"host": "sapp-test-server-log.foobar:8080",
		"log": [],
		"method": "GET",
		"proto": "HTTP/1.1",
		"response_size": 14,
		"status": 200,
		"uri": "/allow_get"
	},
	"prog": "sapp-test-server-log",
	"start_timestamp": "{{[^"]+}}",
	"type": "http-in"
}
{
	"@timestamp": "{{[^"]+}}",
	"host": "{{.+}}",
	"message": {
		"cert_cn": "sapp-tests.foobar",
		"host": "sapp-test-server-log.foobar:8080",
		"log": [],
		"method": "GET",
		"proto": "HTTP/1.1",
		"response_body": "Forbidden by ACL\n",
		"response_size": 17,
		"status": 403,
		"uri": "/forbidden"
	},
	"prog": "sapp-test-server-log",
	"start_timestamp": "{{[^"]+}}",
	"type": "http-in"
}
