MOVE http://.*/upload to http://.*/upload_moved... OK
