POST three parameters and custom headers... OK
Response:
Foobar
alpha: foo
beta: bar
gamma: baz

