POST three parameters... OK
Response:
Foobar
alpha: foo
beta: bar
gamma: baz

