POST three parameters and custom silly headers... OK
Response:
Foobar

