PUT string foobar... OK
Reading back file
Response:
foobar
