{
 "message": "unknown url (/only_get)",
 "status": "404"
}
