{
 "message": "Forbidden (/no_substring_matchfoo)",
 "status": "403"
}
