{
 "message": "Forbidden (/substring_match)",
 "status": "403"
}
