{
 "message": "unknown url (/substring_match/foo)",
 "status": "404"
}
