{
 "message": "Forbidden (/no_substring_match/)",
 "status": "403"
}
