{
 "message": "Forbidden (/substring_matchfoo)",
 "status": "403"
}
