{
 "message": "unknown url (/missing)",
 "status": "404"
}
