{
 "message": "Forbidden (/no_substring_match/foo)",
 "status": "403"
}
