{
 "message": "unknown url (/hej/missing)",
 "status": "404"
}
