HTTP/1.1 200 Success
Date: {{.*}}
Content-Length: 3
Content-Type: application/json
X-Custom: some-value

