{
 "message": "Forbidden (/only_get)",
 "status": "403"
}
