{
 "message": "unknown url (/any_method)",
 "status": "404"
}
